{
    "scenario": [
        "general",
        "cooking",
        "takeaway",
        "weather",
        "qa",
        "play",
        "iot",
        "music",
        "email",
        "recommendation",
        "news",
        "datetime",
        "alarm",
        "calendar",
        "audio",
        "lists",
        "transport",
        "social"
    ],
    "action": [
        "locations",
        "dislikeness",
        "set",
        "hue_lightdim",
        "podcasts",
        "stock",
        "music",
        "likeness",
        "audiobook",
        "wemo_off",
        "definition",
        "ticket",
        "wemo_on",
        "convert",
        "volume_mute",
        "events",
        "factoid",
        "hue_lightchange",
        "coffee",
        "currency",
        "createoradd",
        "recipe",
        "cleaning",
        "addcontact",
        "settings",
        "greet",
        "post",
        "maths",
        "game",
        "hue_lightup",
        "query",
        "hue_lightoff",
        "traffic",
        "sendemail",
        "hue_lighton",
        "volume_other",
        "querycontact",
        "movies",
        "taxi",
        "volume_up",
        "volume_down",
        "order",
        "quirky",
        "joke",
        "remove",
        "radio"
    ],
    "s2id": {
        "general": 0,
        "cooking": 1,
        "takeaway": 2,
        "weather": 3,
        "qa": 4,
        "play": 5,
        "iot": 6,
        "music": 7,
        "email": 8,
        "recommendation": 9,
        "news": 10,
        "datetime": 11,
        "alarm": 12,
        "calendar": 13,
        "audio": 14,
        "lists": 15,
        "transport": 16,
        "social": 17
    },
    "a2id": {
        "locations": 0,
        "dislikeness": 1,
        "set": 2,
        "hue_lightdim": 3,
        "podcasts": 4,
        "stock": 5,
        "music": 6,
        "likeness": 7,
        "audiobook": 8,
        "wemo_off": 9,
        "definition": 10,
        "ticket": 11,
        "wemo_on": 12,
        "convert": 13,
        "volume_mute": 14,
        "events": 15,
        "factoid": 16,
        "hue_lightchange": 17,
        "coffee": 18,
        "currency": 19,
        "createoradd": 20,
        "recipe": 21,
        "cleaning": 22,
        "addcontact": 23,
        "settings": 24,
        "greet": 25,
        "post": 26,
        "maths": 27,
        "game": 28,
        "hue_lightup": 29,
        "query": 30,
        "hue_lightoff": 31,
        "traffic": 32,
        "sendemail": 33,
        "hue_lighton": 34,
        "volume_other": 35,
        "querycontact": 36,
        "movies": 37,
        "taxi": 38,
        "volume_up": 39,
        "volume_down": 40,
        "order": 41,
        "quirky": 42,
        "joke": 43,
        "remove": 44,
        "radio": 45
    }
}